2025-08-24 17:55:14,273 [Worker-2: Loading available Gradle versions] INFO  o.e.b.c.i.u.g.PublishedGradleVersions - Gradle version information cache is not available. Remote download required.
2025-08-26 04:37:04,671 [Worker-2: Loading available Gradle versions] INFO  o.e.b.c.i.u.g.PublishedGradleVersions - Gradle version information cache is out-of-date. Trying to update.
2025-08-26 20:07:06,257 [Worker-4: Loading available Gradle versions] INFO  o.e.b.c.i.u.g.PublishedGradleVersions - Gradle version information cache is up-to-date. Trying to read.
2025-09-01 20:31:24,930 [Worker-4: Loading available Gradle versions] INFO  o.e.b.c.i.u.g.PublishedGradleVersions - Gradle version information cache is out-of-date. Trying to update.
2025-09-07 17:26:17,998 [Worker-4: Loading available Gradle versions] INFO  o.e.b.c.i.u.g.PublishedGradleVersions - Gradle version information cache is out-of-date. Trying to update.
2025-09-08 19:32:05,410 [Worker-0: Loading available Gradle versions] INFO  o.e.b.c.i.u.g.PublishedGradleVersions - Gradle version information cache is out-of-date. Trying to update.
2025-09-09 19:24:17,830 [Worker-6: Loading available Gradle versions] INFO  o.e.b.c.i.u.g.PublishedGradleVersions - Gradle version information cache is up-to-date. Trying to read.
2025-09-10 19:44:53,151 [Worker-5: Loading available Gradle versions] INFO  o.e.b.c.i.u.g.PublishedGradleVersions - Gradle version information cache is out-of-date. Trying to update.
2025-09-14 12:49:44,508 [Worker-2: Loading available Gradle versions] INFO  o.e.b.c.i.u.g.PublishedGradleVersions - Gradle version information cache is out-of-date. Trying to update.
2025-09-14 17:05:32,827 [Worker-1: Loading available Gradle versions] INFO  o.e.b.c.i.u.g.PublishedGradleVersions - Gradle version information cache is up-to-date. Trying to read.
2025-09-14 17:09:47,229 [Worker-3: Loading available Gradle versions] INFO  o.e.b.c.i.u.g.PublishedGradleVersions - Gradle version information cache is up-to-date. Trying to read.
2025-09-14 17:14:00,352 [Start Help Server] INFO  org.eclipse.jetty.server.Server - jetty-12.1.0; built: 2025-08-15T04:53:41.572Z; git: c8372b65bd15404de1444d68902c0455a3a69b64; jvm 21.0.8+9-LTS
2025-09-14 17:14:00,586 [Start Help Server] INFO  o.e.j.server.handler.ContextHandler - Started oeje8n.ContextHandler$CoreContextHandler@648aa61d{/help,/help,b=null,a=AVAILABLE,h=oeje8n.ContextHandler$CoreContextHandler$CoreToNestedHandler@588d482e{STARTED}}
2025-09-14 17:14:00,587 [Start Help Server] INFO  o.e.j.s.DefaultSessionIdManager - Session workerName=node0
2025-09-14 17:14:00,614 [Start Help Server] INFO  o.e.jetty.server.AbstractConnector - Started oejs.ServerConnector@375b661b{HTTP/1.1, (http/1.1)}{127.0.0.1:44111}
2025-09-14 17:14:00,629 [Start Help Server] INFO  org.eclipse.jetty.server.Server - Started oejs.Server@6d9e56af{STARTING}[12.1.0,sto=0] @289072ms
2025-09-14 17:14:36,776 [Stop Help Server] INFO  org.eclipse.jetty.server.Server - Stopped oejs.Server@6d9e56af{STOPPING}[12.1.0,sto=0]
2025-09-14 17:14:36,784 [Stop Help Server] INFO  o.e.jetty.server.AbstractConnector - Stopped oejs.ServerConnector@375b661b{HTTP/1.1, (http/1.1)}{127.0.0.1:0}
2025-09-14 17:15:08,593 [Start Help Server] INFO  org.eclipse.jetty.server.Server - jetty-12.1.0; built: 2025-08-15T04:53:41.572Z; git: c8372b65bd15404de1444d68902c0455a3a69b64; jvm 21.0.8+9-LTS
2025-09-14 17:15:08,783 [Start Help Server] INFO  o.e.j.server.handler.ContextHandler - Started oeje8n.ContextHandler$CoreContextHandler@47d4b294{/help,/help,b=null,a=AVAILABLE,h=oeje8n.ContextHandler$CoreContextHandler$CoreToNestedHandler@33a9578c{STARTED}}
2025-09-14 17:15:08,786 [Start Help Server] INFO  o.e.j.s.DefaultSessionIdManager - Session workerName=node0
2025-09-14 17:15:08,811 [Start Help Server] INFO  o.e.jetty.server.AbstractConnector - Started oejs.ServerConnector@660038b{HTTP/1.1, (http/1.1)}{127.0.0.1:45213}
2025-09-14 17:15:08,854 [Start Help Server] INFO  org.eclipse.jetty.server.Server - Started oejs.Server@329ff424{STARTING}[12.1.0,sto=0] @31293ms
2025-09-14 17:15:09,786 [Worker-6: Loading available Gradle versions] INFO  o.e.b.c.i.u.g.PublishedGradleVersions - Gradle version information cache is up-to-date. Trying to read.
2025-09-14 17:15:18,815 [Worker-2: Updating Maven Dependencies] ERROR o.e.m.c.i.URLConnectionCaches - Unexpected URLConnection defaultUseCaches enabled
2025-09-14 17:29:23,110 [Stop Help Server] INFO  org.eclipse.jetty.server.Server - Stopped oejs.Server@329ff424{STOPPING}[12.1.0,sto=0]
2025-09-14 17:29:23,115 [Stop Help Server] INFO  o.e.jetty.server.AbstractConnector - Stopped oejs.ServerConnector@660038b{HTTP/1.1, (http/1.1)}{127.0.0.1:0}
2025-09-15 19:20:24,189 [Worker-5: Loading available Gradle versions] INFO  o.e.b.c.i.u.g.PublishedGradleVersions - Gradle version information cache is out-of-date. Trying to update.
2025-09-15 19:51:31,693 [Worker-0: Loading available Gradle versions] INFO  o.e.b.c.i.u.g.PublishedGradleVersions - Gradle version information cache is up-to-date. Trying to read.
2025-09-22 19:06:23,497 [Worker-8: Loading available Gradle versions] INFO  o.e.b.c.i.u.g.PublishedGradleVersions - Gradle version information cache is out-of-date. Trying to update.
2025-09-22 19:09:19,064 [Start Help Server] INFO  org.eclipse.jetty.server.Server - jetty-12.1.0; built: 2025-08-15T04:53:41.572Z; git: c8372b65bd15404de1444d68902c0455a3a69b64; jvm 21.0.8+9-LTS
2025-09-22 19:09:19,243 [Start Help Server] INFO  o.e.j.server.handler.ContextHandler - Started oeje8n.ContextHandler$CoreContextHandler@30b54cc9{/help,/help,b=null,a=AVAILABLE,h=oeje8n.ContextHandler$CoreContextHandler$CoreToNestedHandler@3abd414a{STARTED}}
2025-09-22 19:09:19,245 [Start Help Server] INFO  o.e.j.s.DefaultSessionIdManager - Session workerName=node0
2025-09-22 19:09:19,274 [Start Help Server] INFO  o.e.jetty.server.AbstractConnector - Started oejs.ServerConnector@532956f9{HTTP/1.1, (http/1.1)}{127.0.0.1:45635}
2025-09-22 19:09:19,291 [Start Help Server] INFO  org.eclipse.jetty.server.Server - Started oejs.Server@4169388f{STARTING}[12.1.0,sto=0] @229120ms
2025-09-22 20:48:09,370 [Stop Help Server] INFO  org.eclipse.jetty.server.Server - Stopped oejs.Server@4169388f{STOPPING}[12.1.0,sto=0]
2025-09-22 20:48:09,379 [Stop Help Server] INFO  o.e.jetty.server.AbstractConnector - Stopped oejs.ServerConnector@532956f9{HTTP/1.1, (http/1.1)}{127.0.0.1:0}
2025-09-29 19:40:51,735 [Worker-3: Loading available Gradle versions] INFO  o.e.b.c.i.u.g.PublishedGradleVersions - Gradle version information cache is out-of-date. Trying to update.
2025-10-06 19:46:54,475 [Worker-18: Loading available Gradle versions] INFO  o.e.b.c.i.u.g.PublishedGradleVersions - Gradle version information cache is out-of-date. Trying to update.
2025-10-08 19:45:36,802 [Worker-0: Loading available Gradle versions] INFO  o.e.b.c.i.u.g.PublishedGradleVersions - Gradle version information cache is out-of-date. Trying to update.
2025-10-13 19:18:19,177 [Worker-3: Loading available Gradle versions] INFO  o.e.b.c.i.u.g.PublishedGradleVersions - Gradle version information cache is out-of-date. Trying to update.
2025-10-17 19:26:50,617 [Worker-16: Loading available Gradle versions] INFO  o.e.b.c.i.u.g.PublishedGradleVersions - Gradle version information cache is out-of-date. Trying to update.
2025-11-04 09:29:08,644 [Worker-5: Loading available Gradle versions] INFO  o.e.b.c.i.u.g.PublishedGradleVersions - Gradle version information cache is out-of-date. Trying to update.
2025-11-04 09:49:34,986 [Worker-0: Loading available Gradle versions] INFO  o.e.b.c.i.u.g.PublishedGradleVersions - Gradle version information cache is up-to-date. Trying to read.
